Text:       a    [ ]  b    [0xa0]c    [0x2002]d    [0x2003]e    [0x2004]f    [0x2005]g    [0x2006]h    [0x2007]i    [0x2008]j    [0x2009]k    [0x200a]l    [0x200b]m    [0x202f]n    [0x205f]o    [0x3000]p    [0x09]q    [0x2028]r    [0x2029]s    [0x0a]
Char type:  Ll   Zs   Ll   Zs    Ll   Zs      Ll   Zs      Ll   Zs      Ll   Zs      Ll   Zs      Ll   Zs      Ll   Zs      Ll   Zs      Ll   Zs      Ll   Cf      Ll   Zs      Ll   Zs      Ll   Zs      Ll   Cc    Ll   Zl      Ll   Zp      Ll   Cc    
Break type: AL   SP   AL   GL    AL   BA      AL   BA      AL   BA      AL   BA      AL   BA      AL   GL      AL   BA      AL   BA      AL   BA      AL   ZW      AL   GL      AL   BA      AL   BA      AL   BA    AL   BK      AL   BK      AL   LF    
Script:     Latn Zyyy Latn Zyyy  Latn Zyyy    Latn Zyyy    Latn Zyyy    Latn Zyyy    Latn Zyyy    Latn Zyyy    Latn Zyyy    Latn Zyyy    Latn Zyyy    Latn Zyyy    Latn Zyyy    Latn Zyyy    Latn Zyyy    Latn Zyyy  Latn Zyyy    Latn Zyyy    Latn Zyyy  
